  0.000  >   greeting text="Hi, I'm a test agent. What shall we talk about?"
  0.150  >   audio_end seconds=2.82 first_audio_ms=150
  0.190  <   playback on
  0.520  <   listen_start
  0.520  >   listening active=True
  3.030  <   playback off
  4.020  <   typed 'What is the capital of Latvia?'
  4.020  llm ask 'What is the capital of Latvia?'
  4.700  >   reply_end ttft_ms=500 text='Riga. It sits on the Baltic.'
  4.700  >   audio_end seconds=1.68 first_audio_ms=650
  4.710  <   playback on
  6.410  <   playback off
 12.150  llm ask '[This is not the other person speaking. It is you…'
 12.680  >   initiative rung=1 decision='declined'
 21.680  llm ask '[This is not the other person speaking. It is you…'
 22.390  >   initiative rung=2 decision='spoke' line='Shall I say more about Riga itself?'
 22.390  >   reply_end initiative=2 text='Shall I say more about Riga itself?'
 22.540  >   audio_end seconds=2.1 first_audio_ms=150
 22.580  <   playback on
 24.700  <   playback off
 53.390  llm ask '[This is not the other person speaking. It is you…'
 54.160  >   initiative rung=3 decision='spoke' line="I'll stay quiet now; start again whenever you like."
 54.160  >   reply_end initiative=3 text="I'll stay quiet now; start again whenever you like."
 54.310  >   audio_end seconds=3.06 first_audio_ms=150
 54.350  <   playback on
 57.430  <   playback off

assistant: Hi, I'm a test agent. What shall we talk about?
     user: What is the capital of Latvia?
assistant: Riga. It sits on the Baltic.
assistant: Shall I say more about Riga itself?
assistant: I'll stay quiet now; start again whenever you like.
